JVM info: Amazon.com Inc. - 26.0.1 - 26.0.1+8-FR
java.net.preferIPv4Stack=true
Current Time: 15/08/2026 20:58:22
Host: maven.neoforged.net [37.19.202.45]
Host: libraries.minecraft.net [150.171.109.35]
Host: launchermeta.mojang.com [150.171.110.130]
Host: piston-meta.mojang.com [150.171.109.35]
Host: sessionserver.mojang.com [150.171.109.34]
Found java version 26.0.1
Target Directory: C:\Users\artem\AppData\Roaming\.minecraft
Extracting json
Considering minecraft client jar
Downloading libraries
Found 0 additional library directories
Considering library net.neoforged.fancymodloader:earlydisplay:11.0.16
File C:\Users\artem\AppData\Roaming\.minecraft\libraries\net\neoforged\fancymodloader\earlydisplay\11.0.16\earlydisplay-11.0.16.jar exists. Checksum valid.
Considering library net.neoforged.fancymodloader:loader:11.0.16
File C:\Users\artem\AppData\Roaming\.minecraft\libraries\net\neoforged\fancymodloader\loader\11.0.16\loader-11.0.16.jar exists. Checksum valid.
Considering library net.neoforged:accesstransformers:11.0.2
File C:\Users\artem\AppData\Roaming\.minecraft\libraries\net\neoforged\accesstransformers\11.0.2\accesstransformers-11.0.2.jar exists. Checksum valid.
Considering library org.ow2.asm:asm-commons:9.10.1
File C:\Users\artem\AppData\Roaming\.minecraft\libraries\org\ow2\asm\asm-commons\9.10.1\asm-commons-9.10.1.jar exists. Checksum valid.
Considering library net.neoforged:mergetool:2.0.7:api
File C:\Users\artem\AppData\Roaming\.minecraft\libraries\net\neoforged\mergetool\2.0.7\mergetool-2.0.7-api.jar exists. Checksum valid.
Considering library org.ow2.asm:asm-util:9.10.1
File C:\Users\artem\AppData\Roaming\.minecraft\libraries\org\ow2\asm\asm-util\9.10.1\asm-util-9.10.1.jar exists. Checksum valid.
Considering library org.ow2.asm:asm-analysis:9.10.1
File C:\Users\artem\AppData\Roaming\.minecraft\libraries\org\ow2\asm\asm-analysis\9.10.1\asm-analysis-9.10.1.jar exists. Checksum valid.
Considering library org.ow2.asm:asm-tree:9.10.1
File C:\Users\artem\AppData\Roaming\.minecraft\libraries\org\ow2\asm\asm-tree\9.10.1\asm-tree-9.10.1.jar exists. Checksum valid.
Considering library net.neoforged:bus:8.0.5
File C:\Users\artem\AppData\Roaming\.minecraft\libraries\net\neoforged\bus\8.0.5\bus-8.0.5.jar exists. Checksum valid.
Considering library org.ow2.asm:asm:9.10.1
File C:\Users\artem\AppData\Roaming\.minecraft\libraries\org\ow2\asm\asm\9.10.1\asm-9.10.1.jar exists. Checksum valid.
Considering library com.electronwill.night-config:toml:3.9.0
File C:\Users\artem\AppData\Roaming\.minecraft\libraries\com\electronwill\night-config\toml\3.9.0\toml-3.9.0.jar exists. Checksum valid.
Considering library com.electronwill.night-config:core:3.9.0
File C:\Users\artem\AppData\Roaming\.minecraft\libraries\com\electronwill\night-config\core\3.9.0\core-3.9.0.jar exists. Checksum valid.
Considering library net.neoforged:JarJarSelector:0.5.1
File C:\Users\artem\AppData\Roaming\.minecraft\libraries\net\neoforged\JarJarSelector\0.5.1\JarJarSelector-0.5.1.jar exists. Checksum valid.
Considering library net.neoforged:JarJarMetadata:0.5.1
File C:\Users\artem\AppData\Roaming\.minecraft\libraries\net\neoforged\JarJarMetadata\0.5.1\JarJarMetadata-0.5.1.jar exists. Checksum valid.
Considering library org.apache.maven:maven-artifact:3.9.16
File C:\Users\artem\AppData\Roaming\.minecraft\libraries\org\apache\maven\maven-artifact\3.9.16\maven-artifact-3.9.16.jar exists. Checksum valid.
Considering library net.jodah:typetools:0.6.3
File C:\Users\artem\AppData\Roaming\.minecraft\libraries\net\jodah\typetools\0.6.3\typetools-0.6.3.jar exists. Checksum valid.
Considering library net.minecrell:terminalconsoleappender:1.3.0
File C:\Users\artem\AppData\Roaming\.minecraft\libraries\net\minecrell\terminalconsoleappender\1.3.0\terminalconsoleappender-1.3.0.jar exists. Checksum valid.
Considering library net.fabricmc:sponge-mixin:0.17.3+mixin.0.8.7
File C:\Users\artem\AppData\Roaming\.minecraft\libraries\net\fabricmc\sponge-mixin\0.17.3+mixin.0.8.7\sponge-mixin-0.17.3+mixin.0.8.7.jar exists. Checksum valid.
Considering library net.neoforged.accesstransformers:at-parser:11.0.2
File C:\Users\artem\AppData\Roaming\.minecraft\libraries\net\neoforged\accesstransformers\at-parser\11.0.2\at-parser-11.0.2.jar exists. Checksum valid.
Considering library net.neoforged:srgutils:1.0.10
File C:\Users\artem\AppData\Roaming\.minecraft\libraries\net\neoforged\srgutils\1.0.10\srgutils-1.0.10.jar exists. Checksum valid.
Considering library org.codehaus.plexus:plexus-utils:3.6.1
File C:\Users\artem\AppData\Roaming\.minecraft\libraries\org\codehaus\plexus\plexus-utils\3.6.1\plexus-utils-3.6.1.jar exists. Checksum valid.
Considering library org.jline:jline-reader:3.20.0
File C:\Users\artem\AppData\Roaming\.minecraft\libraries\org\jline\jline-reader\3.20.0\jline-reader-3.20.0.jar exists. Checksum valid.
Considering library com.google.guava:listenablefuture:9999.0-empty-to-avoid-conflict-with-guava
File C:\Users\artem\AppData\Roaming\.minecraft\libraries\com\google\guava\listenablefuture\9999.0-empty-to-avoid-conflict-with-guava\listenablefuture-9999.0-empty-to-avoid-conflict-with-guava.jar exists. Checksum valid.
Considering library com.google.errorprone:error_prone_annotations:2.48.0
File C:\Users\artem\AppData\Roaming\.minecraft\libraries\com\google\errorprone\error_prone_annotations\2.48.0\error_prone_annotations-2.48.0.jar exists. Checksum valid.
Considering library com.google.j2objc:j2objc-annotations:3.1
File C:\Users\artem\AppData\Roaming\.minecraft\libraries\com\google\j2objc\j2objc-annotations\3.1\j2objc-annotations-3.1.jar exists. Checksum valid.
Considering library org.jline:jline-terminal:3.20.0
File C:\Users\artem\AppData\Roaming\.minecraft\libraries\org\jline\jline-terminal\3.20.0\jline-terminal-3.20.0.jar exists. Checksum valid.
Considering library net.neoforged.fancymodloader:earlydisplay:11.0.16
File C:\Users\artem\AppData\Roaming\.minecraft\libraries\net\neoforged\fancymodloader\earlydisplay\11.0.16\earlydisplay-11.0.16.jar exists. Checksum valid.
Considering library net.neoforged.fancymodloader:loader:11.0.16
File C:\Users\artem\AppData\Roaming\.minecraft\libraries\net\neoforged\fancymodloader\loader\11.0.16\loader-11.0.16.jar exists. Checksum valid.
Considering library net.neoforged:accesstransformers:11.0.2
File C:\Users\artem\AppData\Roaming\.minecraft\libraries\net\neoforged\accesstransformers\11.0.2\accesstransformers-11.0.2.jar exists. Checksum valid.
Considering library org.ow2.asm:asm-commons:9.10.1
File C:\Users\artem\AppData\Roaming\.minecraft\libraries\org\ow2\asm\asm-commons\9.10.1\asm-commons-9.10.1.jar exists. Checksum valid.
Considering library net.neoforged:mergetool:2.0.7:api
File C:\Users\artem\AppData\Roaming\.minecraft\libraries\net\neoforged\mergetool\2.0.7\mergetool-2.0.7-api.jar exists. Checksum valid.
Considering library org.ow2.asm:asm-util:9.10.1
File C:\Users\artem\AppData\Roaming\.minecraft\libraries\org\ow2\asm\asm-util\9.10.1\asm-util-9.10.1.jar exists. Checksum valid.
Considering library org.ow2.asm:asm-analysis:9.10.1
File C:\Users\artem\AppData\Roaming\.minecraft\libraries\org\ow2\asm\asm-analysis\9.10.1\asm-analysis-9.10.1.jar exists. Checksum valid.
Considering library org.ow2.asm:asm-tree:9.10.1
File C:\Users\artem\AppData\Roaming\.minecraft\libraries\org\ow2\asm\asm-tree\9.10.1\asm-tree-9.10.1.jar exists. Checksum valid.
Considering library net.neoforged:bus:8.0.5
File C:\Users\artem\AppData\Roaming\.minecraft\libraries\net\neoforged\bus\8.0.5\bus-8.0.5.jar exists. Checksum valid.
Considering library org.ow2.asm:asm:9.10.1
File C:\Users\artem\AppData\Roaming\.minecraft\libraries\org\ow2\asm\asm\9.10.1\asm-9.10.1.jar exists. Checksum valid.
Considering library com.electronwill.night-config:toml:3.9.0
File C:\Users\artem\AppData\Roaming\.minecraft\libraries\com\electronwill\night-config\toml\3.9.0\toml-3.9.0.jar exists. Checksum valid.
Considering library com.electronwill.night-config:core:3.9.0
File C:\Users\artem\AppData\Roaming\.minecraft\libraries\com\electronwill\night-config\core\3.9.0\core-3.9.0.jar exists. Checksum valid.
Considering library net.neoforged:JarJarSelector:0.5.1
File C:\Users\artem\AppData\Roaming\.minecraft\libraries\net\neoforged\JarJarSelector\0.5.1\JarJarSelector-0.5.1.jar exists. Checksum valid.
Considering library net.neoforged:JarJarMetadata:0.5.1
File C:\Users\artem\AppData\Roaming\.minecraft\libraries\net\neoforged\JarJarMetadata\0.5.1\JarJarMetadata-0.5.1.jar exists. Checksum valid.
Considering library org.apache.maven:maven-artifact:3.9.16
File C:\Users\artem\AppData\Roaming\.minecraft\libraries\org\apache\maven\maven-artifact\3.9.16\maven-artifact-3.9.16.jar exists. Checksum valid.
Considering library net.jodah:typetools:0.6.3
File C:\Users\artem\AppData\Roaming\.minecraft\libraries\net\jodah\typetools\0.6.3\typetools-0.6.3.jar exists. Checksum valid.
Considering library net.minecrell:terminalconsoleappender:1.3.0
File C:\Users\artem\AppData\Roaming\.minecraft\libraries\net\minecrell\terminalconsoleappender\1.3.0\terminalconsoleappender-1.3.0.jar exists. Checksum valid.
Considering library net.fabricmc:sponge-mixin:0.17.3+mixin.0.8.7
File C:\Users\artem\AppData\Roaming\.minecraft\libraries\net\fabricmc\sponge-mixin\0.17.3+mixin.0.8.7\sponge-mixin-0.17.3+mixin.0.8.7.jar exists. Checksum valid.
Considering library org.lwjgl:lwjgl-tinyfd:3.4.1
File C:\Users\artem\AppData\Roaming\.minecraft\libraries\org\lwjgl\lwjgl-tinyfd\3.4.1\lwjgl-tinyfd-3.4.1.jar exists. Checksum valid.
Considering library net.neoforged.accesstransformers:at-parser:11.0.2
File C:\Users\artem\AppData\Roaming\.minecraft\libraries\net\neoforged\accesstransformers\at-parser\11.0.2\at-parser-11.0.2.jar exists. Checksum valid.
Considering library net.neoforged:srgutils:1.0.10
File C:\Users\artem\AppData\Roaming\.minecraft\libraries\net\neoforged\srgutils\1.0.10\srgutils-1.0.10.jar exists. Checksum valid.
Considering library org.codehaus.plexus:plexus-utils:3.6.1
File C:\Users\artem\AppData\Roaming\.minecraft\libraries\org\codehaus\plexus\plexus-utils\3.6.1\plexus-utils-3.6.1.jar exists. Checksum valid.
Considering library org.jline:jline-reader:3.20.0
File C:\Users\artem\AppData\Roaming\.minecraft\libraries\org\jline\jline-reader\3.20.0\jline-reader-3.20.0.jar exists. Checksum valid.
Considering library com.google.guava:listenablefuture:9999.0-empty-to-avoid-conflict-with-guava
File C:\Users\artem\AppData\Roaming\.minecraft\libraries\com\google\guava\listenablefuture\9999.0-empty-to-avoid-conflict-with-guava\listenablefuture-9999.0-empty-to-avoid-conflict-with-guava.jar exists. Checksum valid.
Considering library com.google.errorprone:error_prone_annotations:2.48.0
File C:\Users\artem\AppData\Roaming\.minecraft\libraries\com\google\errorprone\error_prone_annotations\2.48.0\error_prone_annotations-2.48.0.jar exists. Checksum valid.
Considering library com.google.j2objc:j2objc-annotations:3.1
File C:\Users\artem\AppData\Roaming\.minecraft\libraries\com\google\j2objc\j2objc-annotations\3.1\j2objc-annotations-3.1.jar exists. Checksum valid.
Considering library org.jline:jline-terminal:3.20.0
File C:\Users\artem\AppData\Roaming\.minecraft\libraries\org\jline\jline-terminal\3.20.0\jline-terminal-3.20.0.jar exists. Checksum valid.
Considering library net.neoforged.installertools:installertools:4.0.17:fatjar
File C:\Users\artem\AppData\Roaming\.minecraft\libraries\net\neoforged\installertools\installertools\4.0.17\installertools-4.0.17-fatjar.jar exists. Checksum valid.
Considering library net.neoforged:neoforge:26.2.0.59:universal
File C:\Users\artem\AppData\Roaming\.minecraft\libraries\net\neoforged\neoforge\26.2.0.59\neoforge-26.2.0.59-universal.jar exists. Checksum valid.
Created Temporary Directory: C:\Users\artem\AppData\Local\Temp\neoforge_installer15388355590436271306
  Extracting: /data/client.lzma
Building Processor
===============================================================================
Processor: net.neoforged.installertools:installertools -> PROCESS_MINECRAFT_JAR
  MainClass: net.neoforged.installertools.ConsoleTool
  Classpath:
    C:\Users\artem\AppData\Roaming\.minecraft\libraries\net\neoforged\installertools\installertools\4.0.17\installertools-4.0.17-fatjar.jar
    C:\Users\artem\AppData\Roaming\.minecraft\libraries\net\neoforged\installertools\installertools\4.0.17\installertools-4.0.17-fatjar.jar
  Args: --task, PROCESS_MINECRAFT_JAR, --no-mod-manifest, --input, C:\Users\artem\AppData\Roaming\.minecraft\versions\26.2\26.2.jar, --output, C:\Users\artem\AppData\Roaming\.minecraft\libraries\net\neoforged\minecraft-client-patched\26.2.0.59\minecraft-client-patched-26.2.0.59.jar, --extract-libraries-to, C:\Users\artem\AppData\Roaming\.minecraft/libraries/, --apply-patches, C:\Users\artem\AppData\Local\Temp\neoforge_installer15388355590436271306\data\client.lzma
Task: PROCESS_MINECRAFT_JAR
Using common thread-pool with parallelism 11
load patch bundle [348ms]
load input zip [614ms]
applying patches [173ms]
write output file [1752ms]
overall work [2550ms]
Injecting profile
Successfully installed client into launcher.
You can delete this installer file now if you wish
